// Jest Snapshot v1, https://goo.gl/fbAQLP

exports[`::Components ::Molecules ::TodoMenu renders TodoMenu 1`] = `
<div
  class="todo-menu"
  role="group"
>
  <button
    class="icon-button complete-button"
    role="button"
    title="Uncheck all todos"
  >
    <svg
      class="list-icon"
      preserveAspectRatio="none"
      role="image"
      viewBox="0 0 24 24"
      xmlns="http://www.w3.org/2000/svg"
    >
      <path
        d="M0 0h24v24H0V0z"
        fill="none"
      />
      <path
        d="M7.41 15.41 12 10.83l4.59 4.58L18 14l-6-6-6 6 1.41 1.41z"
        fill=""
      />
    </svg>
  </button>
  <input
    class="title-input"
    name="title"
    placeholder="What needs to be done?"
    role="textbox"
    type="text"
    value=""
  />
</div>
`;
