// Jest Snapshot v1, https://goo.gl/fbAQLP

exports[`::Components ::TodoItem When title of TodoItem is too long renders title of TodoItem with ellipsis 1`] = `
<input
  class="title-input"
  role="textbox"
  type="text"
  value="Lorem ipsum dolor sit amet, consectetur adipiscing elit. Vestibulum accumsan suscipit turpis vel volutpat. In vitae aliquam ex. Nullam in odio pellentesque, feugiat libero vel, fringilla massa. Duis nec odio in nisl fringilla vestibulum at feugiat lorem. Pellentesque habitant morbi tristique senectus et netus et malesuada fames ac turpis egestas."
/>
`;
